2026-07-01 10:56:15.959 INFO: ===========VERIFYING SETTINGS===========
2026-07-01 10:56:15.959 INFO: MACE version: 0.3.6
2026-07-01 10:56:15.959 DEBUG: Configuration: Namespace(name='energies_forces_transfer', seed=100, work_dir='.', nacs_key='smooth_nacs', log_dir='./logs', model_dir='.', checkpoints_dir='./checkpoints', results_dir='./results', downloads_dir='./downloads', device='cuda', default_dtype='float32', distributed=False, log_level='INFO', n_energies=4, error_table='EnergyNacsDipoleMAE', model='ExcitedMACE', r_max=5.0, num_permutational_invariant=16, radial_type='bessel', num_radial_basis=8, num_cutoff_basis=5, pair_repulsion=False, distance_transform='None', interaction='RealAgnosticResidualInteractionBlock', interaction_first='RealAgnosticResidualInteractionBlock', max_ell=3, correlation=3, num_interactions=2, MLP_irreps='128x0e', radial_MLP='[64, 64, 64]', hidden_irreps='128x0e + 128x1o', num_channels=128, max_L=1, gate='silu', scaling='rms_forces_scaling', avg_num_neighbors=1, compute_avg_num_neighbors=True, compute_stress=False, compute_forces=True, compute_dipoles=True, compute_nacs=False, compute_socs=False, train_file='SINGLET_SOC_ALL.xyz', valid_file=None, valid_fraction=0.1, test_file=None, test_dir=None, multi_processed_test=False, num_workers=0, pin_memory=True, atomic_numbers=None, mean=None, std=None, statistics_file=None, E0s='average', keep_isolated_atoms=False, energy_key='REF_energy', forces_key='REF_forces', virials_key='REF_virials', stress_key='REF_stress', dipoles_key='REF_dipoles', charges_key='REF_charges', loss='weighted', forces_weight=1.0, nacs_weight=100.0, socs_weight=100.0, soc_num=None, nac_num=None, swa_forces_weight=100.0, energy_weight=100.0, swa_energy_weight=1000.0, virials_weight=1.0, swa_virials_weight=10.0, stress_weight=1.0, swa_stress_weight=10.0, dipoles_weight=1.0, swa_dipole_weight=1.0, config_type_weights='{"Default":1.0}', huber_delta=0.01, optimizer='adam', beta=0.9, batch_size=10, valid_batch_size=10, lr=0.0001, swa_lr=0.001, weight_decay=5e-07, amsgrad=True, scheduler='ReduceLROnPlateau', lr_factor=0.8, scheduler_patience=50, lr_scheduler_gamma=0.9993, swa=False, start_swa=None, ema=True, ema_decay=0.99, max_num_epochs=100, patience=2048, foundation_model='medium_off', foundation_model_readout=True, eval_interval=1, keep_checkpoints=False, save_all_checkpoints=False, restart_latest=False, save_cpu=False, clip_grad=10.0, wandb=False, wandb_dir=None, wandb_project='', wandb_entity='', wandb_name='', wandb_log_hypers=['num_channels', 'max_L', 'correlation', 'lr', 'swa_lr', 'weight_decay', 'batch_size', 'max_num_epochs', 'start_swa', 'energy_weight', 'forces_weight'])
2026-07-01 10:56:16.005 INFO: CUDA version: 11.8, CUDA device: 0
2026-07-01 10:56:16.036 DEBUG: Popen(['git', 'version'], cwd=/home/yutong/X-MACE/tutorials, stdin=None, shell=False, universal_newlines=False)
2026-07-01 10:56:16.039 DEBUG: Popen(['git', 'version'], cwd=/home/yutong/X-MACE/tutorials, stdin=None, shell=False, universal_newlines=False)
2026-07-01 10:56:16.042 DEBUG: sys.platform='linux', git_executable='git'
2026-07-01 10:56:16.043 DEBUG: Popen(['git', 'cat-file', '--batch-check'], cwd=/home/yutong/X-MACE, stdin=<valid stream>, shell=False, universal_newlines=False)
2026-07-01 10:56:16.046 DEBUG: Current Git commit: ef57fb0b2c0da701ab86dbcc086af1946e7e8ee1
2026-07-01 10:56:16.046 INFO: Using foundation model mace-off-2023 medium as initial checkpoint. ASL license.
2026-07-01 10:56:19.606 INFO: CUDA version: 11.8, CUDA device: 0
2026-07-01 10:56:19.612 INFO: 
2026-07-01 10:56:19.612 INFO: ===========LOADING INPUT DATA===========
2026-07-01 10:56:19.778 INFO: Using random 10% of training set for validation with following indices: [39, 47, 4, 43, 24]
2026-07-01 10:56:19.778 WARNING: Validation batch size (10) is larger than the number of validation data (5)
2026-07-01 10:56:19.779 INFO: Atomic Numbers used: [np.int64(1)]
2026-07-01 10:56:19.779 INFO: Isolated Atomic Energies (E0s) not in training file, using command line argument
2026-07-01 10:56:19.779 INFO: Computing average Atomic Energies using least squares regression
2026-07-01 10:56:19.779 INFO: Atomic Energies used (z: eV): {1: -1003.9330823714266}
2026-07-01 10:56:19.808 INFO: 
2026-07-01 10:56:19.808 INFO: ===========MODEL DETAILS===========
2026-07-01 10:56:19.820 INFO: Average number of neighbors: 15.6
2026-07-01 10:56:19.820 INFO: During training the following quantities will be reported: energy, forces, dipoles, nacs
2026-07-01 10:56:19.830 INFO: Building model
2026-07-01 10:56:19.830 INFO: Message passing with 128 channels and max_L=1 (128x0e + 128x1o)
2026-07-01 10:56:19.830 INFO: 2 layers, each with correlation order: 3 (body order: 4) and spherical harmonics up to: l=3
2026-07-01 10:56:19.830 INFO: 8 radial and 5 basis functions
2026-07-01 10:56:19.830 INFO: Radial cutoff: 5.0 Å (total receptive field for each atom: 10.0 Å)
2026-07-01 10:56:19.830 INFO: Distance transform for radial basis functions: None
2026-07-01 10:56:21.374 DEBUG: ExcitedMACE(
  (node_embedding): LinearNodeEmbeddingBlock(
    (linear): Linear(1x0e -> 128x0e | 128 weights)
  )
  (radial_embedding): RadialEmbeddingBlock(
    (bessel_fn): BesselBasis(r_max=5.0, num_basis=8, trainable=True)
    (cutoff_fn): PolynomialCutoff(p=5.0, r_max=5.0)
  )
  (spherical_harmonics): SphericalHarmonics()
  (atomic_energies_fn): AtomicEnergiesBlock(energies=[-1003.9331])
  (interactions): ModuleList(
    (0): RealAgnosticInteractionBlock(
      (linear_up): Linear(128x0e -> 128x0e | 16384 weights)
      (conv_tp): TensorProduct(128x0e x 1x0e+1x1o+1x2e+1x3o -> 128x0e+128x1o+128x2e+128x3o | 512 paths | 512 weights)
      (conv_tp_weights): FullyConnectedNet[8, 64, 64, 64, 512]
      (linear): Linear(128x0e+128x1o+128x2e+128x3o -> 128x0e+128x1o+128x2e+128x3o | 65536 weights)
      (skip_tp): FullyConnectedTensorProduct(128x0e+128x1o+128x2e+128x3o x 1x0e -> 128x0e+128x1o+128x2e+128x3o | 65536 paths | 65536 weights)
      (reshape): reshape_irreps()
    )
    (1): RealAgnosticResidualInteractionBlock(
      (linear_up): Linear(128x0e+128x1o -> 128x0e+128x1o | 32768 weights)
      (conv_tp): TensorProduct(128x0e+128x1o x 1x0e+1x1o+1x2e+1x3o -> 256x0e+384x1o+384x2e+256x3o | 1280 paths | 1280 weights)
      (conv_tp_weights): FullyConnectedNet[8, 64, 64, 64, 1280]
      (linear): Linear(256x0e+384x1o+384x2e+256x3o -> 128x0e+128x1o+128x2e+128x3o | 163840 weights)
      (skip_tp): FullyConnectedTensorProduct(128x0e+128x1o x 1x0e -> 128x0e | 16384 paths | 16384 weights)
      (reshape): reshape_irreps()
    )
  )
  (products): ModuleList(
    (0): EquivariantProductBasisBlock(
      (symmetric_contractions): SymmetricContraction(
        (contractions): ModuleList(
          (0): Contraction(
            (contractions_weighting): ModuleList(
              (0-1): 2 x GraphModule()
            )
            (contractions_features): ModuleList(
              (0-1): 2 x GraphModule()
            )
            (weights): ParameterList(
                (0): Parameter containing: [torch.float32 of size 1x4x128 (cuda:0)]
                (1): Parameter containing: [torch.float32 of size 1x1x128 (cuda:0)]
            )
            (graph_opt_main): GraphModule()
          )
          (1): Contraction(
            (contractions_weighting): ModuleList(
              (0-1): 2 x GraphModule()
            )
            (contractions_features): ModuleList(
              (0-1): 2 x GraphModule()
            )
            (weights): ParameterList(
                (0): Parameter containing: [torch.float32 of size 1x6x128 (cuda:0)]
                (1): Parameter containing: [torch.float32 of size 1x1x128 (cuda:0)]
            )
            (graph_opt_main): GraphModule()
          )
        )
      )
      (linear): Linear(128x0e+128x1o -> 128x0e+128x1o | 32768 weights)
    )
    (1): EquivariantProductBasisBlock(
      (symmetric_contractions): SymmetricContraction(
        (contractions): ModuleList(
          (0): Contraction(
            (contractions_weighting): ModuleList(
              (0-1): 2 x GraphModule()
            )
            (contractions_features): ModuleList(
              (0-1): 2 x GraphModule()
            )
            (weights): ParameterList(
                (0): Parameter containing: [torch.float32 of size 1x4x128 (cuda:0)]
                (1): Parameter containing: [torch.float32 of size 1x1x128 (cuda:0)]
            )
            (graph_opt_main): GraphModule()
          )
        )
      )
      (linear): Linear(128x0e -> 128x0e | 16384 weights)
    )
  )
  (readouts): ModuleList(
    (0): LinearReadoutBlock(
      (linear): Linear(128x0e+128x1o -> 4x0e | 512 weights)
    )
    (1): NonLinearReadoutBlock(
      (linear_1): Linear(128x0e -> 128x0e | 16384 weights)
      (non_linearity): Activation [x] (128x0e -> 128x0e)
      (linear_2): Linear(128x0e -> 4x0e | 512 weights)
    )
  )
  (socs_readouts): ModuleList(
    (0-1): 2 x None
  )
  (scale_shift): ScaleShiftBlock(scale=1.088502, shift=0.000000)
)
2026-07-01 10:56:21.376 INFO: Total number of parameters: 573832
2026-07-01 10:56:21.377 INFO: 
2026-07-01 10:56:21.377 INFO: ===========OPTIMIZER INFORMATION===========
2026-07-01 10:56:21.377 INFO: Using ADAM as parameter optimizer
2026-07-01 10:56:21.377 INFO: Batch size: 10
2026-07-01 10:56:21.377 INFO: Using Exponential Moving Average with decay: 0.99
2026-07-01 10:56:21.377 INFO: Number of gradient updates: 450
2026-07-01 10:56:21.377 INFO: Learning rate: 0.0001, weight decay: 5e-07
2026-07-01 10:56:21.377 INFO: WeightedEnergyForcesNacsDipoleLoss(energy_weight=100.000, forces_weight=1.000, dipole_weight=1.000)
2026-07-01 10:56:21.379 INFO: Using gradient clipping with tolerance=10.000
2026-07-01 10:56:21.379 INFO: 
2026-07-01 10:56:21.379 INFO: ===========TRAINING===========
2026-07-01 10:56:21.379 INFO: Started training, reporting errors on validation set
2026-07-01 10:56:21.379 INFO: Loss metrics on validation set
2026-07-01 10:56:22.561 DEBUG: Saving info: ./results/energies_forces_transfer_run-100_train.txt
2026-07-01 10:56:25.938 DEBUG: Saving info: ./results/energies_forces_transfer_run-100_train.txt
2026-07-01 10:56:30.935 DEBUG: Saving info: ./results/energies_forces_transfer_run-100_train.txt
2026-07-01 10:56:36.178 DEBUG: Saving info: ./results/energies_forces_transfer_run-100_train.txt
2026-07-01 10:56:37.472 DEBUG: Saving info: ./results/energies_forces_transfer_run-100_train.txt
2026-07-01 10:56:37.606 DEBUG: Saving info: ./results/energies_forces_transfer_run-100_train.txt
2026-07-01 10:56:37.610 DEBUG: Saving checkpoint: ./checkpoints/energies_forces_transfer_run-100_epoch-0.pt
2026-07-01 10:56:37.807 DEBUG: Saving info: ./results/energies_forces_transfer_run-100_train.txt
2026-07-01 10:56:37.972 DEBUG: Saving info: ./results/energies_forces_transfer_run-100_train.txt
2026-07-01 10:56:38.146 DEBUG: Saving info: ./results/energies_forces_transfer_run-100_train.txt
2026-07-01 10:56:38.307 DEBUG: Saving info: ./results/energies_forces_transfer_run-100_train.txt
2026-07-01 10:56:38.407 DEBUG: Saving info: ./results/energies_forces_transfer_run-100_train.txt
2026-07-01 10:56:38.411 DEBUG: Deleting old checkpoint file: ./checkpoints/energies_forces_transfer_run-100_epoch-0.pt
2026-07-01 10:56:38.414 DEBUG: Saving checkpoint: ./checkpoints/energies_forces_transfer_run-100_epoch-1.pt
2026-07-01 10:56:38.598 DEBUG: Saving info: ./results/energies_forces_transfer_run-100_train.txt
2026-07-01 10:56:38.763 DEBUG: Saving info: ./results/energies_forces_transfer_run-100_train.txt
2026-07-01 10:56:38.932 DEBUG: Saving info: ./results/energies_forces_transfer_run-100_train.txt
2026-07-01 10:56:39.092 DEBUG: Saving info: ./results/energies_forces_transfer_run-100_train.txt
2026-07-01 10:56:39.191 DEBUG: Saving info: ./results/energies_forces_transfer_run-100_train.txt
2026-07-01 10:56:39.195 DEBUG: Deleting old checkpoint file: ./checkpoints/energies_forces_transfer_run-100_epoch-1.pt
2026-07-01 10:56:39.198 DEBUG: Saving checkpoint: ./checkpoints/energies_forces_transfer_run-100_epoch-2.pt
2026-07-01 10:56:39.387 DEBUG: Saving info: ./results/energies_forces_transfer_run-100_train.txt
2026-07-01 10:56:39.549 DEBUG: Saving info: ./results/energies_forces_transfer_run-100_train.txt
2026-07-01 10:56:39.714 DEBUG: Saving info: ./results/energies_forces_transfer_run-100_train.txt
2026-07-01 10:56:39.871 DEBUG: Saving info: ./results/energies_forces_transfer_run-100_train.txt
2026-07-01 10:56:39.971 DEBUG: Saving info: ./results/energies_forces_transfer_run-100_train.txt
2026-07-01 10:56:39.975 DEBUG: Deleting old checkpoint file: ./checkpoints/energies_forces_transfer_run-100_epoch-2.pt
2026-07-01 10:56:39.978 DEBUG: Saving checkpoint: ./checkpoints/energies_forces_transfer_run-100_epoch-3.pt
2026-07-01 10:56:40.162 DEBUG: Saving info: ./results/energies_forces_transfer_run-100_train.txt
2026-07-01 10:56:40.325 DEBUG: Saving info: ./results/energies_forces_transfer_run-100_train.txt
2026-07-01 10:56:40.495 DEBUG: Saving info: ./results/energies_forces_transfer_run-100_train.txt
2026-07-01 10:56:40.662 DEBUG: Saving info: ./results/energies_forces_transfer_run-100_train.txt
2026-07-01 10:56:40.763 DEBUG: Saving info: ./results/energies_forces_transfer_run-100_train.txt
2026-07-01 10:56:40.767 DEBUG: Deleting old checkpoint file: ./checkpoints/energies_forces_transfer_run-100_epoch-3.pt
2026-07-01 10:56:40.769 DEBUG: Saving checkpoint: ./checkpoints/energies_forces_transfer_run-100_epoch-4.pt
2026-07-01 10:56:40.950 DEBUG: Saving info: ./results/energies_forces_transfer_run-100_train.txt
2026-07-01 10:56:41.114 DEBUG: Saving info: ./results/energies_forces_transfer_run-100_train.txt
2026-07-01 10:56:41.277 DEBUG: Saving info: ./results/energies_forces_transfer_run-100_train.txt
2026-07-01 10:56:41.439 DEBUG: Saving info: ./results/energies_forces_transfer_run-100_train.txt
2026-07-01 10:56:41.541 DEBUG: Saving info: ./results/energies_forces_transfer_run-100_train.txt
2026-07-01 10:56:41.545 DEBUG: Deleting old checkpoint file: ./checkpoints/energies_forces_transfer_run-100_epoch-4.pt
2026-07-01 10:56:41.547 DEBUG: Saving checkpoint: ./checkpoints/energies_forces_transfer_run-100_epoch-5.pt
2026-07-01 10:56:41.728 DEBUG: Saving info: ./results/energies_forces_transfer_run-100_train.txt
2026-07-01 10:56:41.892 DEBUG: Saving info: ./results/energies_forces_transfer_run-100_train.txt
2026-07-01 10:56:42.061 DEBUG: Saving info: ./results/energies_forces_transfer_run-100_train.txt
2026-07-01 10:56:42.223 DEBUG: Saving info: ./results/energies_forces_transfer_run-100_train.txt
2026-07-01 10:56:42.322 DEBUG: Saving info: ./results/energies_forces_transfer_run-100_train.txt
2026-07-01 10:56:42.326 DEBUG: Deleting old checkpoint file: ./checkpoints/energies_forces_transfer_run-100_epoch-5.pt
2026-07-01 10:56:42.329 DEBUG: Saving checkpoint: ./checkpoints/energies_forces_transfer_run-100_epoch-6.pt
2026-07-01 10:56:42.509 DEBUG: Saving info: ./results/energies_forces_transfer_run-100_train.txt
2026-07-01 10:56:42.688 DEBUG: Saving info: ./results/energies_forces_transfer_run-100_train.txt
2026-07-01 10:56:42.850 DEBUG: Saving info: ./results/energies_forces_transfer_run-100_train.txt
2026-07-01 10:56:43.013 DEBUG: Saving info: ./results/energies_forces_transfer_run-100_train.txt
2026-07-01 10:56:43.113 DEBUG: Saving info: ./results/energies_forces_transfer_run-100_train.txt
2026-07-01 10:56:43.116 DEBUG: Deleting old checkpoint file: ./checkpoints/energies_forces_transfer_run-100_epoch-6.pt
2026-07-01 10:56:43.119 DEBUG: Saving checkpoint: ./checkpoints/energies_forces_transfer_run-100_epoch-7.pt
2026-07-01 10:56:43.298 DEBUG: Saving info: ./results/energies_forces_transfer_run-100_train.txt
2026-07-01 10:56:43.457 DEBUG: Saving info: ./results/energies_forces_transfer_run-100_train.txt
2026-07-01 10:56:43.619 DEBUG: Saving info: ./results/energies_forces_transfer_run-100_train.txt
2026-07-01 10:56:43.800 DEBUG: Saving info: ./results/energies_forces_transfer_run-100_train.txt
2026-07-01 10:56:43.900 DEBUG: Saving info: ./results/energies_forces_transfer_run-100_train.txt
2026-07-01 10:56:43.903 DEBUG: Deleting old checkpoint file: ./checkpoints/energies_forces_transfer_run-100_epoch-7.pt
2026-07-01 10:56:43.907 DEBUG: Saving checkpoint: ./checkpoints/energies_forces_transfer_run-100_epoch-8.pt
2026-07-01 10:56:44.094 DEBUG: Saving info: ./results/energies_forces_transfer_run-100_train.txt
2026-07-01 10:56:44.257 DEBUG: Saving info: ./results/energies_forces_transfer_run-100_train.txt
2026-07-01 10:56:44.424 DEBUG: Saving info: ./results/energies_forces_transfer_run-100_train.txt
2026-07-01 10:56:44.585 DEBUG: Saving info: ./results/energies_forces_transfer_run-100_train.txt
2026-07-01 10:56:44.685 DEBUG: Saving info: ./results/energies_forces_transfer_run-100_train.txt
2026-07-01 10:56:44.689 DEBUG: Deleting old checkpoint file: ./checkpoints/energies_forces_transfer_run-100_epoch-8.pt
2026-07-01 10:56:44.692 DEBUG: Saving checkpoint: ./checkpoints/energies_forces_transfer_run-100_epoch-9.pt
2026-07-01 10:56:44.890 DEBUG: Saving info: ./results/energies_forces_transfer_run-100_train.txt
2026-07-01 10:56:45.056 DEBUG: Saving info: ./results/energies_forces_transfer_run-100_train.txt
2026-07-01 10:56:45.225 DEBUG: Saving info: ./results/energies_forces_transfer_run-100_train.txt
2026-07-01 10:56:45.390 DEBUG: Saving info: ./results/energies_forces_transfer_run-100_train.txt
2026-07-01 10:56:45.490 DEBUG: Saving info: ./results/energies_forces_transfer_run-100_train.txt
2026-07-01 10:56:45.493 DEBUG: Deleting old checkpoint file: ./checkpoints/energies_forces_transfer_run-100_epoch-9.pt
2026-07-01 10:56:45.496 DEBUG: Saving checkpoint: ./checkpoints/energies_forces_transfer_run-100_epoch-10.pt
2026-07-01 10:56:45.681 DEBUG: Saving info: ./results/energies_forces_transfer_run-100_train.txt
2026-07-01 10:56:45.849 DEBUG: Saving info: ./results/energies_forces_transfer_run-100_train.txt
2026-07-01 10:56:46.012 DEBUG: Saving info: ./results/energies_forces_transfer_run-100_train.txt
2026-07-01 10:56:46.174 DEBUG: Saving info: ./results/energies_forces_transfer_run-100_train.txt
2026-07-01 10:56:46.273 DEBUG: Saving info: ./results/energies_forces_transfer_run-100_train.txt
2026-07-01 10:56:46.276 DEBUG: Deleting old checkpoint file: ./checkpoints/energies_forces_transfer_run-100_epoch-10.pt
2026-07-01 10:56:46.279 DEBUG: Saving checkpoint: ./checkpoints/energies_forces_transfer_run-100_epoch-11.pt
2026-07-01 10:56:46.474 DEBUG: Saving info: ./results/energies_forces_transfer_run-100_train.txt
2026-07-01 10:56:46.645 DEBUG: Saving info: ./results/energies_forces_transfer_run-100_train.txt
2026-07-01 10:56:46.808 DEBUG: Saving info: ./results/energies_forces_transfer_run-100_train.txt
2026-07-01 10:56:46.970 DEBUG: Saving info: ./results/energies_forces_transfer_run-100_train.txt
2026-07-01 10:56:47.071 DEBUG: Saving info: ./results/energies_forces_transfer_run-100_train.txt
2026-07-01 10:56:47.075 DEBUG: Deleting old checkpoint file: ./checkpoints/energies_forces_transfer_run-100_epoch-11.pt
2026-07-01 10:56:47.077 DEBUG: Saving checkpoint: ./checkpoints/energies_forces_transfer_run-100_epoch-12.pt
2026-07-01 10:56:47.262 DEBUG: Saving info: ./results/energies_forces_transfer_run-100_train.txt
2026-07-01 10:56:47.432 DEBUG: Saving info: ./results/energies_forces_transfer_run-100_train.txt
2026-07-01 10:56:47.591 DEBUG: Saving info: ./results/energies_forces_transfer_run-100_train.txt
2026-07-01 10:56:47.774 DEBUG: Saving info: ./results/energies_forces_transfer_run-100_train.txt
2026-07-01 10:56:47.871 DEBUG: Saving info: ./results/energies_forces_transfer_run-100_train.txt
2026-07-01 10:56:47.875 DEBUG: Deleting old checkpoint file: ./checkpoints/energies_forces_transfer_run-100_epoch-12.pt
2026-07-01 10:56:47.877 DEBUG: Saving checkpoint: ./checkpoints/energies_forces_transfer_run-100_epoch-13.pt
2026-07-01 10:56:48.064 DEBUG: Saving info: ./results/energies_forces_transfer_run-100_train.txt
2026-07-01 10:56:48.223 DEBUG: Saving info: ./results/energies_forces_transfer_run-100_train.txt
2026-07-01 10:56:48.383 DEBUG: Saving info: ./results/energies_forces_transfer_run-100_train.txt
2026-07-01 10:56:48.543 DEBUG: Saving info: ./results/energies_forces_transfer_run-100_train.txt
2026-07-01 10:56:48.643 DEBUG: Saving info: ./results/energies_forces_transfer_run-100_train.txt
2026-07-01 10:56:48.647 DEBUG: Deleting old checkpoint file: ./checkpoints/energies_forces_transfer_run-100_epoch-13.pt
2026-07-01 10:56:48.650 DEBUG: Saving checkpoint: ./checkpoints/energies_forces_transfer_run-100_epoch-14.pt
2026-07-01 10:56:48.832 DEBUG: Saving info: ./results/energies_forces_transfer_run-100_train.txt
2026-07-01 10:56:49.016 DEBUG: Saving info: ./results/energies_forces_transfer_run-100_train.txt
2026-07-01 10:56:49.175 DEBUG: Saving info: ./results/energies_forces_transfer_run-100_train.txt
2026-07-01 10:56:49.340 DEBUG: Saving info: ./results/energies_forces_transfer_run-100_train.txt
2026-07-01 10:56:49.438 DEBUG: Saving info: ./results/energies_forces_transfer_run-100_train.txt
2026-07-01 10:56:49.442 DEBUG: Deleting old checkpoint file: ./checkpoints/energies_forces_transfer_run-100_epoch-14.pt
2026-07-01 10:56:49.444 DEBUG: Saving checkpoint: ./checkpoints/energies_forces_transfer_run-100_epoch-15.pt
2026-07-01 10:56:49.644 DEBUG: Saving info: ./results/energies_forces_transfer_run-100_train.txt
2026-07-01 10:56:49.803 DEBUG: Saving info: ./results/energies_forces_transfer_run-100_train.txt
2026-07-01 10:56:49.971 DEBUG: Saving info: ./results/energies_forces_transfer_run-100_train.txt
2026-07-01 10:56:50.143 DEBUG: Saving info: ./results/energies_forces_transfer_run-100_train.txt
2026-07-01 10:56:50.241 DEBUG: Saving info: ./results/energies_forces_transfer_run-100_train.txt
2026-07-01 10:56:50.244 DEBUG: Deleting old checkpoint file: ./checkpoints/energies_forces_transfer_run-100_epoch-15.pt
2026-07-01 10:56:50.247 DEBUG: Saving checkpoint: ./checkpoints/energies_forces_transfer_run-100_epoch-16.pt
2026-07-01 10:56:50.438 DEBUG: Saving info: ./results/energies_forces_transfer_run-100_train.txt
2026-07-01 10:56:50.598 DEBUG: Saving info: ./results/energies_forces_transfer_run-100_train.txt
2026-07-01 10:56:50.760 DEBUG: Saving info: ./results/energies_forces_transfer_run-100_train.txt
2026-07-01 10:56:50.922 DEBUG: Saving info: ./results/energies_forces_transfer_run-100_train.txt
2026-07-01 10:56:51.019 DEBUG: Saving info: ./results/energies_forces_transfer_run-100_train.txt
2026-07-01 10:56:51.023 DEBUG: Deleting old checkpoint file: ./checkpoints/energies_forces_transfer_run-100_epoch-16.pt
2026-07-01 10:56:51.025 DEBUG: Saving checkpoint: ./checkpoints/energies_forces_transfer_run-100_epoch-17.pt
2026-07-01 10:56:51.219 DEBUG: Saving info: ./results/energies_forces_transfer_run-100_train.txt
2026-07-01 10:56:51.377 DEBUG: Saving info: ./results/energies_forces_transfer_run-100_train.txt
2026-07-01 10:56:51.540 DEBUG: Saving info: ./results/energies_forces_transfer_run-100_train.txt
2026-07-01 10:56:51.699 DEBUG: Saving info: ./results/energies_forces_transfer_run-100_train.txt
2026-07-01 10:56:51.799 DEBUG: Saving info: ./results/energies_forces_transfer_run-100_train.txt
2026-07-01 10:56:51.803 DEBUG: Deleting old checkpoint file: ./checkpoints/energies_forces_transfer_run-100_epoch-17.pt
2026-07-01 10:56:51.805 DEBUG: Saving checkpoint: ./checkpoints/energies_forces_transfer_run-100_epoch-18.pt
2026-07-01 10:56:51.995 DEBUG: Saving info: ./results/energies_forces_transfer_run-100_train.txt
2026-07-01 10:56:52.164 DEBUG: Saving info: ./results/energies_forces_transfer_run-100_train.txt
2026-07-01 10:56:52.327 DEBUG: Saving info: ./results/energies_forces_transfer_run-100_train.txt
2026-07-01 10:56:52.493 DEBUG: Saving info: ./results/energies_forces_transfer_run-100_train.txt
2026-07-01 10:56:52.590 DEBUG: Saving info: ./results/energies_forces_transfer_run-100_train.txt
2026-07-01 10:56:52.601 DEBUG: Deleting old checkpoint file: ./checkpoints/energies_forces_transfer_run-100_epoch-18.pt
2026-07-01 10:56:52.605 DEBUG: Saving checkpoint: ./checkpoints/energies_forces_transfer_run-100_epoch-19.pt
2026-07-01 10:56:52.800 DEBUG: Saving info: ./results/energies_forces_transfer_run-100_train.txt
2026-07-01 10:56:52.960 DEBUG: Saving info: ./results/energies_forces_transfer_run-100_train.txt
2026-07-01 10:56:53.121 DEBUG: Saving info: ./results/energies_forces_transfer_run-100_train.txt
2026-07-01 10:56:53.283 DEBUG: Saving info: ./results/energies_forces_transfer_run-100_train.txt
2026-07-01 10:56:53.379 DEBUG: Saving info: ./results/energies_forces_transfer_run-100_train.txt
2026-07-01 10:56:53.383 DEBUG: Deleting old checkpoint file: ./checkpoints/energies_forces_transfer_run-100_epoch-19.pt
2026-07-01 10:56:53.385 DEBUG: Saving checkpoint: ./checkpoints/energies_forces_transfer_run-100_epoch-20.pt
2026-07-01 10:56:53.569 DEBUG: Saving info: ./results/energies_forces_transfer_run-100_train.txt
2026-07-01 10:56:53.733 DEBUG: Saving info: ./results/energies_forces_transfer_run-100_train.txt
2026-07-01 10:56:53.902 DEBUG: Saving info: ./results/energies_forces_transfer_run-100_train.txt
2026-07-01 10:56:54.070 DEBUG: Saving info: ./results/energies_forces_transfer_run-100_train.txt
2026-07-01 10:56:54.166 DEBUG: Saving info: ./results/energies_forces_transfer_run-100_train.txt
2026-07-01 10:56:54.170 DEBUG: Deleting old checkpoint file: ./checkpoints/energies_forces_transfer_run-100_epoch-20.pt
2026-07-01 10:56:54.173 DEBUG: Saving checkpoint: ./checkpoints/energies_forces_transfer_run-100_epoch-21.pt
2026-07-01 10:56:54.355 DEBUG: Saving info: ./results/energies_forces_transfer_run-100_train.txt
2026-07-01 10:56:54.520 DEBUG: Saving info: ./results/energies_forces_transfer_run-100_train.txt
2026-07-01 10:56:54.687 DEBUG: Saving info: ./results/energies_forces_transfer_run-100_train.txt
2026-07-01 10:56:54.846 DEBUG: Saving info: ./results/energies_forces_transfer_run-100_train.txt
2026-07-01 10:56:54.948 DEBUG: Saving info: ./results/energies_forces_transfer_run-100_train.txt
2026-07-01 10:56:54.951 DEBUG: Deleting old checkpoint file: ./checkpoints/energies_forces_transfer_run-100_epoch-21.pt
2026-07-01 10:56:54.954 DEBUG: Saving checkpoint: ./checkpoints/energies_forces_transfer_run-100_epoch-22.pt
2026-07-01 10:56:55.140 DEBUG: Saving info: ./results/energies_forces_transfer_run-100_train.txt
2026-07-01 10:56:55.304 DEBUG: Saving info: ./results/energies_forces_transfer_run-100_train.txt
2026-07-01 10:56:55.464 DEBUG: Saving info: ./results/energies_forces_transfer_run-100_train.txt
2026-07-01 10:56:55.625 DEBUG: Saving info: ./results/energies_forces_transfer_run-100_train.txt
2026-07-01 10:56:55.728 DEBUG: Saving info: ./results/energies_forces_transfer_run-100_train.txt
2026-07-01 10:56:55.731 DEBUG: Deleting old checkpoint file: ./checkpoints/energies_forces_transfer_run-100_epoch-22.pt
2026-07-01 10:56:55.734 DEBUG: Saving checkpoint: ./checkpoints/energies_forces_transfer_run-100_epoch-23.pt
2026-07-01 10:56:55.917 DEBUG: Saving info: ./results/energies_forces_transfer_run-100_train.txt
2026-07-01 10:56:56.082 DEBUG: Saving info: ./results/energies_forces_transfer_run-100_train.txt
2026-07-01 10:56:56.242 DEBUG: Saving info: ./results/energies_forces_transfer_run-100_train.txt
2026-07-01 10:56:56.404 DEBUG: Saving info: ./results/energies_forces_transfer_run-100_train.txt
2026-07-01 10:56:56.512 DEBUG: Saving info: ./results/energies_forces_transfer_run-100_train.txt
2026-07-01 10:56:56.677 DEBUG: Saving info: ./results/energies_forces_transfer_run-100_train.txt
2026-07-01 10:56:56.837 DEBUG: Saving info: ./results/energies_forces_transfer_run-100_train.txt
2026-07-01 10:56:56.997 DEBUG: Saving info: ./results/energies_forces_transfer_run-100_train.txt
2026-07-01 10:56:57.161 DEBUG: Saving info: ./results/energies_forces_transfer_run-100_train.txt
2026-07-01 10:56:57.262 DEBUG: Saving info: ./results/energies_forces_transfer_run-100_train.txt
2026-07-01 10:56:57.421 DEBUG: Saving info: ./results/energies_forces_transfer_run-100_train.txt
2026-07-01 10:56:57.592 DEBUG: Saving info: ./results/energies_forces_transfer_run-100_train.txt
2026-07-01 10:56:57.770 DEBUG: Saving info: ./results/energies_forces_transfer_run-100_train.txt
2026-07-01 10:56:57.932 DEBUG: Saving info: ./results/energies_forces_transfer_run-100_train.txt
2026-07-01 10:56:58.032 DEBUG: Saving info: ./results/energies_forces_transfer_run-100_train.txt
2026-07-01 10:56:58.187 DEBUG: Saving info: ./results/energies_forces_transfer_run-100_train.txt
2026-07-01 10:56:58.347 DEBUG: Saving info: ./results/energies_forces_transfer_run-100_train.txt
2026-07-01 10:56:58.513 DEBUG: Saving info: ./results/energies_forces_transfer_run-100_train.txt
2026-07-01 10:56:58.683 DEBUG: Saving info: ./results/energies_forces_transfer_run-100_train.txt
2026-07-01 10:56:58.782 DEBUG: Saving info: ./results/energies_forces_transfer_run-100_train.txt
2026-07-01 10:56:58.938 DEBUG: Saving info: ./results/energies_forces_transfer_run-100_train.txt
2026-07-01 10:56:59.099 DEBUG: Saving info: ./results/energies_forces_transfer_run-100_train.txt
2026-07-01 10:56:59.259 DEBUG: Saving info: ./results/energies_forces_transfer_run-100_train.txt
2026-07-01 10:56:59.427 DEBUG: Saving info: ./results/energies_forces_transfer_run-100_train.txt
2026-07-01 10:56:59.522 DEBUG: Saving info: ./results/energies_forces_transfer_run-100_train.txt
2026-07-01 10:56:59.683 DEBUG: Saving info: ./results/energies_forces_transfer_run-100_train.txt
2026-07-01 10:56:59.845 DEBUG: Saving info: ./results/energies_forces_transfer_run-100_train.txt
2026-07-01 10:57:00.006 DEBUG: Saving info: ./results/energies_forces_transfer_run-100_train.txt
2026-07-01 10:57:00.169 DEBUG: Saving info: ./results/energies_forces_transfer_run-100_train.txt
2026-07-01 10:57:00.274 DEBUG: Saving info: ./results/energies_forces_transfer_run-100_train.txt
2026-07-01 10:57:00.434 DEBUG: Saving info: ./results/energies_forces_transfer_run-100_train.txt
2026-07-01 10:57:00.597 DEBUG: Saving info: ./results/energies_forces_transfer_run-100_train.txt
2026-07-01 10:57:00.759 DEBUG: Saving info: ./results/energies_forces_transfer_run-100_train.txt
2026-07-01 10:57:00.921 DEBUG: Saving info: ./results/energies_forces_transfer_run-100_train.txt
2026-07-01 10:57:01.029 DEBUG: Saving info: ./results/energies_forces_transfer_run-100_train.txt
2026-07-01 10:57:01.187 DEBUG: Saving info: ./results/energies_forces_transfer_run-100_train.txt
2026-07-01 10:57:01.346 DEBUG: Saving info: ./results/energies_forces_transfer_run-100_train.txt
2026-07-01 10:57:01.510 DEBUG: Saving info: ./results/energies_forces_transfer_run-100_train.txt
2026-07-01 10:57:01.673 DEBUG: Saving info: ./results/energies_forces_transfer_run-100_train.txt
2026-07-01 10:57:01.779 DEBUG: Saving info: ./results/energies_forces_transfer_run-100_train.txt
2026-07-01 10:57:01.938 DEBUG: Saving info: ./results/energies_forces_transfer_run-100_train.txt
2026-07-01 10:57:02.100 DEBUG: Saving info: ./results/energies_forces_transfer_run-100_train.txt
2026-07-01 10:57:02.278 DEBUG: Saving info: ./results/energies_forces_transfer_run-100_train.txt
2026-07-01 10:57:02.437 DEBUG: Saving info: ./results/energies_forces_transfer_run-100_train.txt
2026-07-01 10:57:02.550 DEBUG: Saving info: ./results/energies_forces_transfer_run-100_train.txt
2026-07-01 10:57:02.707 DEBUG: Saving info: ./results/energies_forces_transfer_run-100_train.txt
2026-07-01 10:57:02.902 DEBUG: Saving info: ./results/energies_forces_transfer_run-100_train.txt
2026-07-01 10:57:03.073 DEBUG: Saving info: ./results/energies_forces_transfer_run-100_train.txt
2026-07-01 10:57:03.234 DEBUG: Saving info: ./results/energies_forces_transfer_run-100_train.txt
2026-07-01 10:57:03.349 DEBUG: Saving info: ./results/energies_forces_transfer_run-100_train.txt
2026-07-01 10:57:03.516 DEBUG: Saving info: ./results/energies_forces_transfer_run-100_train.txt
2026-07-01 10:57:03.678 DEBUG: Saving info: ./results/energies_forces_transfer_run-100_train.txt
2026-07-01 10:57:03.839 DEBUG: Saving info: ./results/energies_forces_transfer_run-100_train.txt
2026-07-01 10:57:03.999 DEBUG: Saving info: ./results/energies_forces_transfer_run-100_train.txt
2026-07-01 10:57:04.098 DEBUG: Saving info: ./results/energies_forces_transfer_run-100_train.txt
2026-07-01 10:57:04.253 DEBUG: Saving info: ./results/energies_forces_transfer_run-100_train.txt
2026-07-01 10:57:04.414 DEBUG: Saving info: ./results/energies_forces_transfer_run-100_train.txt
2026-07-01 10:57:04.577 DEBUG: Saving info: ./results/energies_forces_transfer_run-100_train.txt
2026-07-01 10:57:04.741 DEBUG: Saving info: ./results/energies_forces_transfer_run-100_train.txt
2026-07-01 10:57:04.841 DEBUG: Saving info: ./results/energies_forces_transfer_run-100_train.txt
2026-07-01 10:57:04.999 DEBUG: Saving info: ./results/energies_forces_transfer_run-100_train.txt
2026-07-01 10:57:05.161 DEBUG: Saving info: ./results/energies_forces_transfer_run-100_train.txt
2026-07-01 10:57:05.321 DEBUG: Saving info: ./results/energies_forces_transfer_run-100_train.txt
2026-07-01 10:57:05.483 DEBUG: Saving info: ./results/energies_forces_transfer_run-100_train.txt
2026-07-01 10:57:05.584 DEBUG: Saving info: ./results/energies_forces_transfer_run-100_train.txt
2026-07-01 10:57:05.741 DEBUG: Saving info: ./results/energies_forces_transfer_run-100_train.txt
2026-07-01 10:57:05.910 DEBUG: Saving info: ./results/energies_forces_transfer_run-100_train.txt
2026-07-01 10:57:06.071 DEBUG: Saving info: ./results/energies_forces_transfer_run-100_train.txt
2026-07-01 10:57:06.234 DEBUG: Saving info: ./results/energies_forces_transfer_run-100_train.txt
2026-07-01 10:57:06.335 DEBUG: Saving info: ./results/energies_forces_transfer_run-100_train.txt
2026-07-01 10:57:06.492 DEBUG: Saving info: ./results/energies_forces_transfer_run-100_train.txt
2026-07-01 10:57:06.651 DEBUG: Saving info: ./results/energies_forces_transfer_run-100_train.txt
2026-07-01 10:57:06.812 DEBUG: Saving info: ./results/energies_forces_transfer_run-100_train.txt
2026-07-01 10:57:06.978 DEBUG: Saving info: ./results/energies_forces_transfer_run-100_train.txt
2026-07-01 10:57:07.085 DEBUG: Saving info: ./results/energies_forces_transfer_run-100_train.txt
2026-07-01 10:57:07.241 DEBUG: Saving info: ./results/energies_forces_transfer_run-100_train.txt
2026-07-01 10:57:07.399 DEBUG: Saving info: ./results/energies_forces_transfer_run-100_train.txt
2026-07-01 10:57:07.559 DEBUG: Saving info: ./results/energies_forces_transfer_run-100_train.txt
2026-07-01 10:57:07.720 DEBUG: Saving info: ./results/energies_forces_transfer_run-100_train.txt
2026-07-01 10:57:07.845 DEBUG: Saving info: ./results/energies_forces_transfer_run-100_train.txt
2026-07-01 10:57:08.003 DEBUG: Saving info: ./results/energies_forces_transfer_run-100_train.txt
2026-07-01 10:57:08.164 DEBUG: Saving info: ./results/energies_forces_transfer_run-100_train.txt
2026-07-01 10:57:08.328 DEBUG: Saving info: ./results/energies_forces_transfer_run-100_train.txt
2026-07-01 10:57:08.496 DEBUG: Saving info: ./results/energies_forces_transfer_run-100_train.txt
2026-07-01 10:57:08.594 DEBUG: Saving info: ./results/energies_forces_transfer_run-100_train.txt
2026-07-01 10:57:08.755 DEBUG: Saving info: ./results/energies_forces_transfer_run-100_train.txt
2026-07-01 10:57:08.915 DEBUG: Saving info: ./results/energies_forces_transfer_run-100_train.txt
2026-07-01 10:57:09.078 DEBUG: Saving info: ./results/energies_forces_transfer_run-100_train.txt
2026-07-01 10:57:09.251 DEBUG: Saving info: ./results/energies_forces_transfer_run-100_train.txt
2026-07-01 10:57:09.361 DEBUG: Saving info: ./results/energies_forces_transfer_run-100_train.txt
2026-07-01 10:57:09.524 DEBUG: Saving info: ./results/energies_forces_transfer_run-100_train.txt
2026-07-01 10:57:09.683 DEBUG: Saving info: ./results/energies_forces_transfer_run-100_train.txt
2026-07-01 10:57:09.848 DEBUG: Saving info: ./results/energies_forces_transfer_run-100_train.txt
2026-07-01 10:57:10.027 DEBUG: Saving info: ./results/energies_forces_transfer_run-100_train.txt
2026-07-01 10:57:10.127 DEBUG: Saving info: ./results/energies_forces_transfer_run-100_train.txt
2026-07-01 10:57:10.286 DEBUG: Saving info: ./results/energies_forces_transfer_run-100_train.txt
2026-07-01 10:57:10.467 DEBUG: Saving info: ./results/energies_forces_transfer_run-100_train.txt
2026-07-01 10:57:10.641 DEBUG: Saving info: ./results/energies_forces_transfer_run-100_train.txt
2026-07-01 10:57:10.810 DEBUG: Saving info: ./results/energies_forces_transfer_run-100_train.txt
2026-07-01 10:57:10.908 DEBUG: Saving info: ./results/energies_forces_transfer_run-100_train.txt
2026-07-01 10:57:11.069 DEBUG: Saving info: ./results/energies_forces_transfer_run-100_train.txt
2026-07-01 10:57:11.230 DEBUG: Saving info: ./results/energies_forces_transfer_run-100_train.txt
2026-07-01 10:57:11.390 DEBUG: Saving info: ./results/energies_forces_transfer_run-100_train.txt
2026-07-01 10:57:11.551 DEBUG: Saving info: ./results/energies_forces_transfer_run-100_train.txt
2026-07-01 10:57:11.651 DEBUG: Saving info: ./results/energies_forces_transfer_run-100_train.txt
2026-07-01 10:57:11.806 DEBUG: Saving info: ./results/energies_forces_transfer_run-100_train.txt
2026-07-01 10:57:11.967 DEBUG: Saving info: ./results/energies_forces_transfer_run-100_train.txt
2026-07-01 10:57:12.136 DEBUG: Saving info: ./results/energies_forces_transfer_run-100_train.txt
2026-07-01 10:57:12.301 DEBUG: Saving info: ./results/energies_forces_transfer_run-100_train.txt
2026-07-01 10:57:12.397 DEBUG: Saving info: ./results/energies_forces_transfer_run-100_train.txt
2026-07-01 10:57:12.554 DEBUG: Saving info: ./results/energies_forces_transfer_run-100_train.txt
2026-07-01 10:57:12.716 DEBUG: Saving info: ./results/energies_forces_transfer_run-100_train.txt
2026-07-01 10:57:12.878 DEBUG: Saving info: ./results/energies_forces_transfer_run-100_train.txt
2026-07-01 10:57:13.057 DEBUG: Saving info: ./results/energies_forces_transfer_run-100_train.txt
2026-07-01 10:57:13.159 DEBUG: Saving info: ./results/energies_forces_transfer_run-100_train.txt
2026-07-01 10:57:13.324 DEBUG: Saving info: ./results/energies_forces_transfer_run-100_train.txt
2026-07-01 10:57:13.497 DEBUG: Saving info: ./results/energies_forces_transfer_run-100_train.txt
2026-07-01 10:57:13.667 DEBUG: Saving info: ./results/energies_forces_transfer_run-100_train.txt
2026-07-01 10:57:13.842 DEBUG: Saving info: ./results/energies_forces_transfer_run-100_train.txt
2026-07-01 10:57:13.941 DEBUG: Saving info: ./results/energies_forces_transfer_run-100_train.txt
2026-07-01 10:57:14.103 DEBUG: Saving info: ./results/energies_forces_transfer_run-100_train.txt
2026-07-01 10:57:14.266 DEBUG: Saving info: ./results/energies_forces_transfer_run-100_train.txt
2026-07-01 10:57:14.431 DEBUG: Saving info: ./results/energies_forces_transfer_run-100_train.txt
2026-07-01 10:57:14.592 DEBUG: Saving info: ./results/energies_forces_transfer_run-100_train.txt
2026-07-01 10:57:14.692 DEBUG: Saving info: ./results/energies_forces_transfer_run-100_train.txt
2026-07-01 10:57:14.848 DEBUG: Saving info: ./results/energies_forces_transfer_run-100_train.txt
2026-07-01 10:57:15.009 DEBUG: Saving info: ./results/energies_forces_transfer_run-100_train.txt
2026-07-01 10:57:15.171 DEBUG: Saving info: ./results/energies_forces_transfer_run-100_train.txt
2026-07-01 10:57:15.335 DEBUG: Saving info: ./results/energies_forces_transfer_run-100_train.txt
2026-07-01 10:57:15.432 DEBUG: Saving info: ./results/energies_forces_transfer_run-100_train.txt
2026-07-01 10:57:15.592 DEBUG: Saving info: ./results/energies_forces_transfer_run-100_train.txt
2026-07-01 10:57:15.757 DEBUG: Saving info: ./results/energies_forces_transfer_run-100_train.txt
2026-07-01 10:57:15.924 DEBUG: Saving info: ./results/energies_forces_transfer_run-100_train.txt
2026-07-01 10:57:16.085 DEBUG: Saving info: ./results/energies_forces_transfer_run-100_train.txt
2026-07-01 10:57:16.179 DEBUG: Saving info: ./results/energies_forces_transfer_run-100_train.txt
2026-07-01 10:57:16.334 DEBUG: Saving info: ./results/energies_forces_transfer_run-100_train.txt
2026-07-01 10:57:16.490 DEBUG: Saving info: ./results/energies_forces_transfer_run-100_train.txt
2026-07-01 10:57:16.643 DEBUG: Saving info: ./results/energies_forces_transfer_run-100_train.txt
2026-07-01 10:57:16.803 DEBUG: Saving info: ./results/energies_forces_transfer_run-100_train.txt
2026-07-01 10:57:16.895 DEBUG: Saving info: ./results/energies_forces_transfer_run-100_train.txt
2026-07-01 10:57:17.044 DEBUG: Saving info: ./results/energies_forces_transfer_run-100_train.txt
2026-07-01 10:57:17.206 DEBUG: Saving info: ./results/energies_forces_transfer_run-100_train.txt
2026-07-01 10:57:17.369 DEBUG: Saving info: ./results/energies_forces_transfer_run-100_train.txt
2026-07-01 10:57:17.525 DEBUG: Saving info: ./results/energies_forces_transfer_run-100_train.txt
2026-07-01 10:57:17.622 DEBUG: Saving info: ./results/energies_forces_transfer_run-100_train.txt
2026-07-01 10:57:17.780 DEBUG: Saving info: ./results/energies_forces_transfer_run-100_train.txt
2026-07-01 10:57:17.942 DEBUG: Saving info: ./results/energies_forces_transfer_run-100_train.txt
2026-07-01 10:57:18.113 DEBUG: Saving info: ./results/energies_forces_transfer_run-100_train.txt
2026-07-01 10:57:18.274 DEBUG: Saving info: ./results/energies_forces_transfer_run-100_train.txt
2026-07-01 10:57:18.377 DEBUG: Saving info: ./results/energies_forces_transfer_run-100_train.txt
2026-07-01 10:57:18.530 DEBUG: Saving info: ./results/energies_forces_transfer_run-100_train.txt
2026-07-01 10:57:18.694 DEBUG: Saving info: ./results/energies_forces_transfer_run-100_train.txt
2026-07-01 10:57:18.853 DEBUG: Saving info: ./results/energies_forces_transfer_run-100_train.txt
2026-07-01 10:57:19.006 DEBUG: Saving info: ./results/energies_forces_transfer_run-100_train.txt
2026-07-01 10:57:19.098 DEBUG: Saving info: ./results/energies_forces_transfer_run-100_train.txt
2026-07-01 10:57:19.252 DEBUG: Saving info: ./results/energies_forces_transfer_run-100_train.txt
2026-07-01 10:57:19.410 DEBUG: Saving info: ./results/energies_forces_transfer_run-100_train.txt
2026-07-01 10:57:19.585 DEBUG: Saving info: ./results/energies_forces_transfer_run-100_train.txt
2026-07-01 10:57:19.743 DEBUG: Saving info: ./results/energies_forces_transfer_run-100_train.txt
2026-07-01 10:57:19.840 DEBUG: Saving info: ./results/energies_forces_transfer_run-100_train.txt
2026-07-01 10:57:19.994 DEBUG: Saving info: ./results/energies_forces_transfer_run-100_train.txt
2026-07-01 10:57:20.151 DEBUG: Saving info: ./results/energies_forces_transfer_run-100_train.txt
2026-07-01 10:57:20.316 DEBUG: Saving info: ./results/energies_forces_transfer_run-100_train.txt
2026-07-01 10:57:20.472 DEBUG: Saving info: ./results/energies_forces_transfer_run-100_train.txt
2026-07-01 10:57:20.567 DEBUG: Saving info: ./results/energies_forces_transfer_run-100_train.txt
2026-07-01 10:57:20.725 DEBUG: Saving info: ./results/energies_forces_transfer_run-100_train.txt
2026-07-01 10:57:20.893 DEBUG: Saving info: ./results/energies_forces_transfer_run-100_train.txt
2026-07-01 10:57:21.056 DEBUG: Saving info: ./results/energies_forces_transfer_run-100_train.txt
2026-07-01 10:57:21.217 DEBUG: Saving info: ./results/energies_forces_transfer_run-100_train.txt
2026-07-01 10:57:21.306 DEBUG: Saving info: ./results/energies_forces_transfer_run-100_train.txt
2026-07-01 10:57:21.465 DEBUG: Saving info: ./results/energies_forces_transfer_run-100_train.txt
2026-07-01 10:57:21.627 DEBUG: Saving info: ./results/energies_forces_transfer_run-100_train.txt
2026-07-01 10:57:21.779 DEBUG: Saving info: ./results/energies_forces_transfer_run-100_train.txt
2026-07-01 10:57:21.935 DEBUG: Saving info: ./results/energies_forces_transfer_run-100_train.txt
2026-07-01 10:57:22.027 DEBUG: Saving info: ./results/energies_forces_transfer_run-100_train.txt
2026-07-01 10:57:22.178 DEBUG: Saving info: ./results/energies_forces_transfer_run-100_train.txt
2026-07-01 10:57:22.338 DEBUG: Saving info: ./results/energies_forces_transfer_run-100_train.txt
2026-07-01 10:57:22.504 DEBUG: Saving info: ./results/energies_forces_transfer_run-100_train.txt
2026-07-01 10:57:22.669 DEBUG: Saving info: ./results/energies_forces_transfer_run-100_train.txt
2026-07-01 10:57:22.758 DEBUG: Saving info: ./results/energies_forces_transfer_run-100_train.txt
2026-07-01 10:57:22.914 DEBUG: Saving info: ./results/energies_forces_transfer_run-100_train.txt
2026-07-01 10:57:23.069 DEBUG: Saving info: ./results/energies_forces_transfer_run-100_train.txt
2026-07-01 10:57:23.243 DEBUG: Saving info: ./results/energies_forces_transfer_run-100_train.txt
2026-07-01 10:57:23.400 DEBUG: Saving info: ./results/energies_forces_transfer_run-100_train.txt
2026-07-01 10:57:23.491 DEBUG: Saving info: ./results/energies_forces_transfer_run-100_train.txt
2026-07-01 10:57:23.644 DEBUG: Saving info: ./results/energies_forces_transfer_run-100_train.txt
2026-07-01 10:57:23.805 DEBUG: Saving info: ./results/energies_forces_transfer_run-100_train.txt
2026-07-01 10:57:23.961 DEBUG: Saving info: ./results/energies_forces_transfer_run-100_train.txt
2026-07-01 10:57:24.128 DEBUG: Saving info: ./results/energies_forces_transfer_run-100_train.txt
2026-07-01 10:57:24.220 DEBUG: Saving info: ./results/energies_forces_transfer_run-100_train.txt
2026-07-01 10:57:24.374 DEBUG: Saving info: ./results/energies_forces_transfer_run-100_train.txt
2026-07-01 10:57:24.533 DEBUG: Saving info: ./results/energies_forces_transfer_run-100_train.txt
2026-07-01 10:57:24.694 DEBUG: Saving info: ./results/energies_forces_transfer_run-100_train.txt
2026-07-01 10:57:24.853 DEBUG: Saving info: ./results/energies_forces_transfer_run-100_train.txt
2026-07-01 10:57:24.947 DEBUG: Saving info: ./results/energies_forces_transfer_run-100_train.txt
2026-07-01 10:57:25.102 DEBUG: Saving info: ./results/energies_forces_transfer_run-100_train.txt
2026-07-01 10:57:25.260 DEBUG: Saving info: ./results/energies_forces_transfer_run-100_train.txt
2026-07-01 10:57:25.411 DEBUG: Saving info: ./results/energies_forces_transfer_run-100_train.txt
2026-07-01 10:57:25.569 DEBUG: Saving info: ./results/energies_forces_transfer_run-100_train.txt
2026-07-01 10:57:25.662 DEBUG: Saving info: ./results/energies_forces_transfer_run-100_train.txt
2026-07-01 10:57:25.813 DEBUG: Saving info: ./results/energies_forces_transfer_run-100_train.txt
2026-07-01 10:57:25.976 DEBUG: Saving info: ./results/energies_forces_transfer_run-100_train.txt
2026-07-01 10:57:26.154 DEBUG: Saving info: ./results/energies_forces_transfer_run-100_train.txt
2026-07-01 10:57:26.328 DEBUG: Saving info: ./results/energies_forces_transfer_run-100_train.txt
2026-07-01 10:57:26.433 DEBUG: Saving info: ./results/energies_forces_transfer_run-100_train.txt
2026-07-01 10:57:26.600 DEBUG: Saving info: ./results/energies_forces_transfer_run-100_train.txt
2026-07-01 10:57:26.768 DEBUG: Saving info: ./results/energies_forces_transfer_run-100_train.txt
2026-07-01 10:57:26.941 DEBUG: Saving info: ./results/energies_forces_transfer_run-100_train.txt
2026-07-01 10:57:27.113 DEBUG: Saving info: ./results/energies_forces_transfer_run-100_train.txt
2026-07-01 10:57:27.224 DEBUG: Saving info: ./results/energies_forces_transfer_run-100_train.txt
2026-07-01 10:57:27.393 DEBUG: Saving info: ./results/energies_forces_transfer_run-100_train.txt
2026-07-01 10:57:27.565 DEBUG: Saving info: ./results/energies_forces_transfer_run-100_train.txt
2026-07-01 10:57:27.728 DEBUG: Saving info: ./results/energies_forces_transfer_run-100_train.txt
2026-07-01 10:57:27.887 DEBUG: Saving info: ./results/energies_forces_transfer_run-100_train.txt
2026-07-01 10:57:27.994 DEBUG: Saving info: ./results/energies_forces_transfer_run-100_train.txt
2026-07-01 10:57:28.154 DEBUG: Saving info: ./results/energies_forces_transfer_run-100_train.txt
2026-07-01 10:57:28.328 DEBUG: Saving info: ./results/energies_forces_transfer_run-100_train.txt
2026-07-01 10:57:28.497 DEBUG: Saving info: ./results/energies_forces_transfer_run-100_train.txt
2026-07-01 10:57:28.659 DEBUG: Saving info: ./results/energies_forces_transfer_run-100_train.txt
2026-07-01 10:57:28.758 DEBUG: Saving info: ./results/energies_forces_transfer_run-100_train.txt
2026-07-01 10:57:28.914 DEBUG: Saving info: ./results/energies_forces_transfer_run-100_train.txt
2026-07-01 10:57:29.074 DEBUG: Saving info: ./results/energies_forces_transfer_run-100_train.txt
2026-07-01 10:57:29.243 DEBUG: Saving info: ./results/energies_forces_transfer_run-100_train.txt
2026-07-01 10:57:29.407 DEBUG: Saving info: ./results/energies_forces_transfer_run-100_train.txt
2026-07-01 10:57:29.507 DEBUG: Saving info: ./results/energies_forces_transfer_run-100_train.txt
2026-07-01 10:57:29.665 DEBUG: Saving info: ./results/energies_forces_transfer_run-100_train.txt
2026-07-01 10:57:29.826 DEBUG: Saving info: ./results/energies_forces_transfer_run-100_train.txt
2026-07-01 10:57:29.992 DEBUG: Saving info: ./results/energies_forces_transfer_run-100_train.txt
2026-07-01 10:57:30.158 DEBUG: Saving info: ./results/energies_forces_transfer_run-100_train.txt
2026-07-01 10:57:30.268 DEBUG: Saving info: ./results/energies_forces_transfer_run-100_train.txt
2026-07-01 10:57:30.430 DEBUG: Saving info: ./results/energies_forces_transfer_run-100_train.txt
2026-07-01 10:57:30.593 DEBUG: Saving info: ./results/energies_forces_transfer_run-100_train.txt
2026-07-01 10:57:30.756 DEBUG: Saving info: ./results/energies_forces_transfer_run-100_train.txt
2026-07-01 10:57:30.919 DEBUG: Saving info: ./results/energies_forces_transfer_run-100_train.txt
2026-07-01 10:57:31.022 DEBUG: Saving info: ./results/energies_forces_transfer_run-100_train.txt
2026-07-01 10:57:31.180 DEBUG: Saving info: ./results/energies_forces_transfer_run-100_train.txt
2026-07-01 10:57:31.365 DEBUG: Saving info: ./results/energies_forces_transfer_run-100_train.txt
2026-07-01 10:57:31.555 DEBUG: Saving info: ./results/energies_forces_transfer_run-100_train.txt
2026-07-01 10:57:31.730 DEBUG: Saving info: ./results/energies_forces_transfer_run-100_train.txt
2026-07-01 10:57:31.835 DEBUG: Saving info: ./results/energies_forces_transfer_run-100_train.txt
2026-07-01 10:57:32.009 DEBUG: Saving info: ./results/energies_forces_transfer_run-100_train.txt
2026-07-01 10:57:32.180 DEBUG: Saving info: ./results/energies_forces_transfer_run-100_train.txt
2026-07-01 10:57:32.354 DEBUG: Saving info: ./results/energies_forces_transfer_run-100_train.txt
2026-07-01 10:57:32.527 DEBUG: Saving info: ./results/energies_forces_transfer_run-100_train.txt
2026-07-01 10:57:32.633 DEBUG: Saving info: ./results/energies_forces_transfer_run-100_train.txt
2026-07-01 10:57:32.805 DEBUG: Saving info: ./results/energies_forces_transfer_run-100_train.txt
2026-07-01 10:57:32.993 DEBUG: Saving info: ./results/energies_forces_transfer_run-100_train.txt
2026-07-01 10:57:33.158 DEBUG: Saving info: ./results/energies_forces_transfer_run-100_train.txt
2026-07-01 10:57:33.339 DEBUG: Saving info: ./results/energies_forces_transfer_run-100_train.txt
2026-07-01 10:57:33.439 DEBUG: Saving info: ./results/energies_forces_transfer_run-100_train.txt
2026-07-01 10:57:33.595 DEBUG: Saving info: ./results/energies_forces_transfer_run-100_train.txt
2026-07-01 10:57:33.764 DEBUG: Saving info: ./results/energies_forces_transfer_run-100_train.txt
2026-07-01 10:57:33.927 DEBUG: Saving info: ./results/energies_forces_transfer_run-100_train.txt
2026-07-01 10:57:34.086 DEBUG: Saving info: ./results/energies_forces_transfer_run-100_train.txt
2026-07-01 10:57:34.187 DEBUG: Saving info: ./results/energies_forces_transfer_run-100_train.txt
2026-07-01 10:57:34.345 DEBUG: Saving info: ./results/energies_forces_transfer_run-100_train.txt
2026-07-01 10:57:34.508 DEBUG: Saving info: ./results/energies_forces_transfer_run-100_train.txt
2026-07-01 10:57:34.668 DEBUG: Saving info: ./results/energies_forces_transfer_run-100_train.txt
2026-07-01 10:57:34.835 DEBUG: Saving info: ./results/energies_forces_transfer_run-100_train.txt
2026-07-01 10:57:34.946 DEBUG: Saving info: ./results/energies_forces_transfer_run-100_train.txt
2026-07-01 10:57:35.104 DEBUG: Saving info: ./results/energies_forces_transfer_run-100_train.txt
2026-07-01 10:57:35.262 DEBUG: Saving info: ./results/energies_forces_transfer_run-100_train.txt
2026-07-01 10:57:35.446 DEBUG: Saving info: ./results/energies_forces_transfer_run-100_train.txt
2026-07-01 10:57:35.612 DEBUG: Saving info: ./results/energies_forces_transfer_run-100_train.txt
2026-07-01 10:57:35.710 DEBUG: Saving info: ./results/energies_forces_transfer_run-100_train.txt
2026-07-01 10:57:35.866 DEBUG: Saving info: ./results/energies_forces_transfer_run-100_train.txt
2026-07-01 10:57:36.041 DEBUG: Saving info: ./results/energies_forces_transfer_run-100_train.txt
2026-07-01 10:57:36.204 DEBUG: Saving info: ./results/energies_forces_transfer_run-100_train.txt
2026-07-01 10:57:36.365 DEBUG: Saving info: ./results/energies_forces_transfer_run-100_train.txt
2026-07-01 10:57:36.473 DEBUG: Saving info: ./results/energies_forces_transfer_run-100_train.txt
2026-07-01 10:57:36.645 DEBUG: Saving info: ./results/energies_forces_transfer_run-100_train.txt
2026-07-01 10:57:36.814 DEBUG: Saving info: ./results/energies_forces_transfer_run-100_train.txt
2026-07-01 10:57:36.975 DEBUG: Saving info: ./results/energies_forces_transfer_run-100_train.txt
2026-07-01 10:57:37.144 DEBUG: Saving info: ./results/energies_forces_transfer_run-100_train.txt
2026-07-01 10:57:37.267 DEBUG: Saving info: ./results/energies_forces_transfer_run-100_train.txt
2026-07-01 10:57:37.438 DEBUG: Saving info: ./results/energies_forces_transfer_run-100_train.txt
2026-07-01 10:57:37.604 DEBUG: Saving info: ./results/energies_forces_transfer_run-100_train.txt
2026-07-01 10:57:37.768 DEBUG: Saving info: ./results/energies_forces_transfer_run-100_train.txt
2026-07-01 10:57:37.933 DEBUG: Saving info: ./results/energies_forces_transfer_run-100_train.txt
2026-07-01 10:57:38.030 DEBUG: Saving info: ./results/energies_forces_transfer_run-100_train.txt
2026-07-01 10:57:38.186 DEBUG: Saving info: ./results/energies_forces_transfer_run-100_train.txt
2026-07-01 10:57:38.360 DEBUG: Saving info: ./results/energies_forces_transfer_run-100_train.txt
2026-07-01 10:57:38.519 DEBUG: Saving info: ./results/energies_forces_transfer_run-100_train.txt
2026-07-01 10:57:38.679 DEBUG: Saving info: ./results/energies_forces_transfer_run-100_train.txt
2026-07-01 10:57:38.781 DEBUG: Saving info: ./results/energies_forces_transfer_run-100_train.txt
2026-07-01 10:57:38.936 DEBUG: Saving info: ./results/energies_forces_transfer_run-100_train.txt
2026-07-01 10:57:39.103 DEBUG: Saving info: ./results/energies_forces_transfer_run-100_train.txt
2026-07-01 10:57:39.265 DEBUG: Saving info: ./results/energies_forces_transfer_run-100_train.txt
2026-07-01 10:57:39.427 DEBUG: Saving info: ./results/energies_forces_transfer_run-100_train.txt
2026-07-01 10:57:39.527 DEBUG: Saving info: ./results/energies_forces_transfer_run-100_train.txt
2026-07-01 10:57:39.686 DEBUG: Saving info: ./results/energies_forces_transfer_run-100_train.txt
2026-07-01 10:57:39.848 DEBUG: Saving info: ./results/energies_forces_transfer_run-100_train.txt
2026-07-01 10:57:40.011 DEBUG: Saving info: ./results/energies_forces_transfer_run-100_train.txt
2026-07-01 10:57:40.172 DEBUG: Saving info: ./results/energies_forces_transfer_run-100_train.txt
2026-07-01 10:57:40.267 DEBUG: Saving info: ./results/energies_forces_transfer_run-100_train.txt
2026-07-01 10:57:40.427 DEBUG: Saving info: ./results/energies_forces_transfer_run-100_train.txt
2026-07-01 10:57:40.595 DEBUG: Saving info: ./results/energies_forces_transfer_run-100_train.txt
2026-07-01 10:57:40.757 DEBUG: Saving info: ./results/energies_forces_transfer_run-100_train.txt
2026-07-01 10:57:40.920 DEBUG: Saving info: ./results/energies_forces_transfer_run-100_train.txt
2026-07-01 10:57:41.025 DEBUG: Saving info: ./results/energies_forces_transfer_run-100_train.txt
2026-07-01 10:57:41.190 DEBUG: Saving info: ./results/energies_forces_transfer_run-100_train.txt
2026-07-01 10:57:41.355 DEBUG: Saving info: ./results/energies_forces_transfer_run-100_train.txt
2026-07-01 10:57:41.538 DEBUG: Saving info: ./results/energies_forces_transfer_run-100_train.txt
2026-07-01 10:57:41.707 DEBUG: Saving info: ./results/energies_forces_transfer_run-100_train.txt
2026-07-01 10:57:41.816 DEBUG: Saving info: ./results/energies_forces_transfer_run-100_train.txt
2026-07-01 10:57:42.001 DEBUG: Saving info: ./results/energies_forces_transfer_run-100_train.txt
2026-07-01 10:57:42.172 DEBUG: Saving info: ./results/energies_forces_transfer_run-100_train.txt
2026-07-01 10:57:42.335 DEBUG: Saving info: ./results/energies_forces_transfer_run-100_train.txt
2026-07-01 10:57:42.500 DEBUG: Saving info: ./results/energies_forces_transfer_run-100_train.txt
2026-07-01 10:57:42.608 DEBUG: Saving info: ./results/energies_forces_transfer_run-100_train.txt
2026-07-01 10:57:42.772 DEBUG: Saving info: ./results/energies_forces_transfer_run-100_train.txt
2026-07-01 10:57:42.942 DEBUG: Saving info: ./results/energies_forces_transfer_run-100_train.txt
2026-07-01 10:57:43.113 DEBUG: Saving info: ./results/energies_forces_transfer_run-100_train.txt
2026-07-01 10:57:43.279 DEBUG: Saving info: ./results/energies_forces_transfer_run-100_train.txt
2026-07-01 10:57:43.404 DEBUG: Saving info: ./results/energies_forces_transfer_run-100_train.txt
2026-07-01 10:57:43.562 DEBUG: Saving info: ./results/energies_forces_transfer_run-100_train.txt
2026-07-01 10:57:43.728 DEBUG: Saving info: ./results/energies_forces_transfer_run-100_train.txt
2026-07-01 10:57:43.900 DEBUG: Saving info: ./results/energies_forces_transfer_run-100_train.txt
2026-07-01 10:57:44.071 DEBUG: Saving info: ./results/energies_forces_transfer_run-100_train.txt
2026-07-01 10:57:44.192 DEBUG: Saving info: ./results/energies_forces_transfer_run-100_train.txt
2026-07-01 10:57:44.352 DEBUG: Saving info: ./results/energies_forces_transfer_run-100_train.txt
2026-07-01 10:57:44.523 DEBUG: Saving info: ./results/energies_forces_transfer_run-100_train.txt
2026-07-01 10:57:44.683 DEBUG: Saving info: ./results/energies_forces_transfer_run-100_train.txt
2026-07-01 10:57:44.847 DEBUG: Saving info: ./results/energies_forces_transfer_run-100_train.txt
2026-07-01 10:57:44.951 DEBUG: Saving info: ./results/energies_forces_transfer_run-100_train.txt
2026-07-01 10:57:45.119 DEBUG: Saving info: ./results/energies_forces_transfer_run-100_train.txt
2026-07-01 10:57:45.289 DEBUG: Saving info: ./results/energies_forces_transfer_run-100_train.txt
2026-07-01 10:57:45.455 DEBUG: Saving info: ./results/energies_forces_transfer_run-100_train.txt
2026-07-01 10:57:45.635 DEBUG: Saving info: ./results/energies_forces_transfer_run-100_train.txt
2026-07-01 10:57:45.738 DEBUG: Saving info: ./results/energies_forces_transfer_run-100_train.txt
2026-07-01 10:57:45.894 DEBUG: Saving info: ./results/energies_forces_transfer_run-100_train.txt
2026-07-01 10:57:46.054 DEBUG: Saving info: ./results/energies_forces_transfer_run-100_train.txt
2026-07-01 10:57:46.213 DEBUG: Saving info: ./results/energies_forces_transfer_run-100_train.txt
2026-07-01 10:57:46.374 DEBUG: Saving info: ./results/energies_forces_transfer_run-100_train.txt
2026-07-01 10:57:46.474 DEBUG: Saving info: ./results/energies_forces_transfer_run-100_train.txt
2026-07-01 10:57:46.646 DEBUG: Saving info: ./results/energies_forces_transfer_run-100_train.txt
2026-07-01 10:57:46.808 DEBUG: Saving info: ./results/energies_forces_transfer_run-100_train.txt
2026-07-01 10:57:46.973 DEBUG: Saving info: ./results/energies_forces_transfer_run-100_train.txt
2026-07-01 10:57:47.139 DEBUG: Saving info: ./results/energies_forces_transfer_run-100_train.txt
2026-07-01 10:57:47.244 DEBUG: Saving info: ./results/energies_forces_transfer_run-100_train.txt
2026-07-01 10:57:47.408 DEBUG: Saving info: ./results/energies_forces_transfer_run-100_train.txt
2026-07-01 10:57:47.568 DEBUG: Saving info: ./results/energies_forces_transfer_run-100_train.txt
2026-07-01 10:57:47.746 DEBUG: Saving info: ./results/energies_forces_transfer_run-100_train.txt
2026-07-01 10:57:47.910 DEBUG: Saving info: ./results/energies_forces_transfer_run-100_train.txt
2026-07-01 10:57:48.015 DEBUG: Saving info: ./results/energies_forces_transfer_run-100_train.txt
2026-07-01 10:57:48.178 DEBUG: Saving info: ./results/energies_forces_transfer_run-100_train.txt
2026-07-01 10:57:48.342 DEBUG: Saving info: ./results/energies_forces_transfer_run-100_train.txt
2026-07-01 10:57:48.536 DEBUG: Saving info: ./results/energies_forces_transfer_run-100_train.txt
2026-07-01 10:57:48.704 DEBUG: Saving info: ./results/energies_forces_transfer_run-100_train.txt
2026-07-01 10:57:48.808 DEBUG: Saving info: ./results/energies_forces_transfer_run-100_train.txt
2026-07-01 10:57:48.978 DEBUG: Saving info: ./results/energies_forces_transfer_run-100_train.txt
2026-07-01 10:57:49.139 DEBUG: Saving info: ./results/energies_forces_transfer_run-100_train.txt
2026-07-01 10:57:49.300 DEBUG: Saving info: ./results/energies_forces_transfer_run-100_train.txt
2026-07-01 10:57:49.462 DEBUG: Saving info: ./results/energies_forces_transfer_run-100_train.txt
2026-07-01 10:57:49.560 DEBUG: Saving info: ./results/energies_forces_transfer_run-100_train.txt
2026-07-01 10:57:49.720 DEBUG: Saving info: ./results/energies_forces_transfer_run-100_train.txt
2026-07-01 10:57:49.883 DEBUG: Saving info: ./results/energies_forces_transfer_run-100_train.txt
2026-07-01 10:57:50.052 DEBUG: Saving info: ./results/energies_forces_transfer_run-100_train.txt
2026-07-01 10:57:50.215 DEBUG: Saving info: ./results/energies_forces_transfer_run-100_train.txt
2026-07-01 10:57:50.313 DEBUG: Saving info: ./results/energies_forces_transfer_run-100_train.txt
2026-07-01 10:57:50.464 DEBUG: Saving info: ./results/energies_forces_transfer_run-100_train.txt
2026-07-01 10:57:50.623 DEBUG: Saving info: ./results/energies_forces_transfer_run-100_train.txt
2026-07-01 10:57:50.800 DEBUG: Saving info: ./results/energies_forces_transfer_run-100_train.txt
2026-07-01 10:57:50.965 DEBUG: Saving info: ./results/energies_forces_transfer_run-100_train.txt
2026-07-01 10:57:51.063 DEBUG: Saving info: ./results/energies_forces_transfer_run-100_train.txt
2026-07-01 10:57:51.218 DEBUG: Saving info: ./results/energies_forces_transfer_run-100_train.txt
2026-07-01 10:57:51.379 DEBUG: Saving info: ./results/energies_forces_transfer_run-100_train.txt
2026-07-01 10:57:51.543 DEBUG: Saving info: ./results/energies_forces_transfer_run-100_train.txt
2026-07-01 10:57:51.705 DEBUG: Saving info: ./results/energies_forces_transfer_run-100_train.txt
2026-07-01 10:57:51.804 DEBUG: Saving info: ./results/energies_forces_transfer_run-100_train.txt
2026-07-01 10:57:51.966 DEBUG: Saving info: ./results/energies_forces_transfer_run-100_train.txt
2026-07-01 10:57:52.129 DEBUG: Saving info: ./results/energies_forces_transfer_run-100_train.txt
2026-07-01 10:57:52.301 DEBUG: Saving info: ./results/energies_forces_transfer_run-100_train.txt
2026-07-01 10:57:52.476 DEBUG: Saving info: ./results/energies_forces_transfer_run-100_train.txt
2026-07-01 10:57:52.569 DEBUG: Saving info: ./results/energies_forces_transfer_run-100_train.txt
2026-07-01 10:57:52.732 DEBUG: Saving info: ./results/energies_forces_transfer_run-100_train.txt
2026-07-01 10:57:52.892 DEBUG: Saving info: ./results/energies_forces_transfer_run-100_train.txt
2026-07-01 10:57:53.051 DEBUG: Saving info: ./results/energies_forces_transfer_run-100_train.txt
2026-07-01 10:57:53.213 DEBUG: Saving info: ./results/energies_forces_transfer_run-100_train.txt
2026-07-01 10:57:53.311 DEBUG: Saving info: ./results/energies_forces_transfer_run-100_train.txt
2026-07-01 10:57:53.312 INFO: Training complete
2026-07-01 10:57:53.312 INFO: 
2026-07-01 10:57:53.312 INFO: ===========RESULTS===========
2026-07-01 10:57:53.312 INFO: Computing metrics for training, validation, and test sets
2026-07-01 10:57:53.313 INFO: Loading checkpoint: ./checkpoints/energies_forces_transfer_run-100_epoch-23.pt
2026-07-01 10:57:53.366 INFO: Loaded Stage one model from epoch 23 for evaluation
2026-07-01 10:57:53.366 INFO: Evaluating train ...
2026-07-01 10:57:53.812 INFO: Evaluating valid ...
2026-07-01 10:57:53.952 INFO: Error-table on TRAIN and VALID:
+-------------+----------+----------+----------+----------+
| config_type |  MAE E   |  MAE F   | MAE nacs | MAE socs |
+-------------+----------+----------+----------+----------+
|    train    |    612.9 |   3795.0 |      N/A |      N/A |
|    valid    |    509.8 |   3690.7 |      N/A |      N/A |
+-------------+----------+----------+----------+----------+
2026-07-01 10:57:53.952 INFO: Saving model to checkpoints/energies_forces_transfer_run-100.model
2026-07-01 10:57:54.031 INFO: Compiling model, saving metadata to energies_forces_transfer_compiled.model
2026-07-01 10:57:54.506 INFO: Done
