2026-07-01 09:52:12.410 INFO: ===========VERIFYING SETTINGS===========
2026-07-01 09:52:12.410 INFO: MACE version: 0.3.6
2026-07-01 10:17:00.888 INFO: ===========VERIFYING SETTINGS===========
2026-07-01 10:17:00.888 INFO: MACE version: 0.3.6
2026-07-01 10:30:23.627 INFO: ===========VERIFYING SETTINGS===========
2026-07-01 10:30:23.627 INFO: MACE version: 0.3.6
2026-07-01 10:36:16.349 INFO: ===========VERIFYING SETTINGS===========
2026-07-01 10:36:16.349 INFO: MACE version: 0.3.6
2026-07-01 10:36:16.398 INFO: CUDA version: 11.8, CUDA device: 0
2026-07-01 10:36:16.453 INFO: 
2026-07-01 10:36:16.453 INFO: ===========LOADING INPUT DATA===========
2026-07-01 10:36:16.634 INFO: Using random 10% of training set for validation with following indices: [39, 47, 4, 43, 24]
2026-07-01 10:36:16.635 WARNING: Validation batch size (10) is larger than the number of validation data (5)
2026-07-01 10:36:16.636 INFO: Atomic Numbers used: [np.int64(1)]
2026-07-01 10:36:16.636 INFO: Isolated Atomic Energies (E0s) not in training file, using command line argument
2026-07-01 10:36:16.636 INFO: Computing average Atomic Energies using least squares regression
2026-07-01 10:36:16.639 INFO: Atomic Energies used (z: eV): {1: -1003.9330823714266}
2026-07-01 10:36:16.668 INFO: 
2026-07-01 10:36:16.668 INFO: ===========MODEL DETAILS===========
2026-07-01 10:36:18.257 INFO: Average number of neighbors: 15.6
2026-07-01 10:36:18.257 INFO: During training the following quantities will be reported: energy, forces, dipoles, nacs
2026-07-01 10:36:18.267 INFO: Building model
2026-07-01 10:36:18.267 INFO: Message passing with 128 channels and max_L=1 (128x0e + 128x1o)
2026-07-01 10:36:18.267 INFO: 2 layers, each with correlation order: 3 (body order: 4) and spherical harmonics up to: l=3
2026-07-01 10:36:18.267 INFO: 8 radial and 5 basis functions
2026-07-01 10:36:18.267 INFO: Radial cutoff: 5.0 Å (total receptive field for each atom: 10.0 Å)
2026-07-01 10:36:18.267 INFO: Distance transform for radial basis functions: None
2026-07-01 10:36:19.730 INFO: Total number of parameters: 599703
2026-07-01 10:36:19.730 INFO: 
2026-07-01 10:36:19.730 INFO: ===========OPTIMIZER INFORMATION===========
2026-07-01 10:36:19.730 INFO: Using ADAM as parameter optimizer
2026-07-01 10:36:19.730 INFO: Batch size: 10
2026-07-01 10:36:19.730 INFO: Using Exponential Moving Average with decay: 0.99
2026-07-01 10:36:19.730 INFO: Number of gradient updates: 450
2026-07-01 10:36:19.730 INFO: Learning rate: 0.0001, weight decay: 5e-07
2026-07-01 10:36:19.730 INFO: InvariantsWeightedEnergyForcesNacsDipoleLoss(energy_weight=100.000, forces_weight=100.000, dipole_weight=1.000)
2026-07-01 10:36:19.732 INFO: Using gradient clipping with tolerance=10.000
2026-07-01 10:36:19.732 INFO: 
2026-07-01 10:36:19.732 INFO: ===========TRAINING===========
2026-07-01 10:36:19.732 INFO: Started training, reporting errors on validation set
2026-07-01 10:36:19.732 INFO: Loss metrics on validation set
2026-07-01 10:38:09.191 INFO: Training complete
2026-07-01 10:38:09.191 INFO: 
2026-07-01 10:38:09.191 INFO: ===========RESULTS===========
2026-07-01 10:38:09.191 INFO: Computing metrics for training, validation, and test sets
2026-07-01 10:38:09.192 INFO: Loading checkpoint: ./checkpoints/energies_forces_run-100_epoch-99.pt
2026-07-01 10:38:09.252 INFO: Loaded Stage one model from epoch 99 for evaluation
2026-07-01 10:38:09.253 INFO: Evaluating train ...
2026-07-01 10:38:09.735 INFO: Evaluating valid ...
2026-07-01 10:38:09.871 INFO: Error-table on TRAIN and VALID:
+-------------+----------+----------+----------+----------+
| config_type |  MAE E   |  MAE F   | MAE nacs | MAE socs |
+-------------+----------+----------+----------+----------+
|    train    |    590.3 |   3795.5 |      N/A |      N/A |
|    valid    |    515.4 |   3698.3 |      N/A |      N/A |
+-------------+----------+----------+----------+----------+
2026-07-01 10:38:09.871 INFO: Saving model to checkpoints/energies_forces_run-100.model
2026-07-01 10:38:09.955 INFO: Compiling model, saving metadata to energies_forces_compiled.model
2026-07-01 10:38:10.536 INFO: Done
2026-07-01 10:46:28.301 INFO: ===========VERIFYING SETTINGS===========
2026-07-01 10:46:28.301 INFO: MACE version: 0.3.6
2026-07-01 10:46:28.351 INFO: CUDA version: 11.8, CUDA device: 0
2026-07-01 10:46:28.402 INFO: 
2026-07-01 10:46:28.402 INFO: ===========LOADING INPUT DATA===========
2026-07-01 10:46:28.576 INFO: Using random 10% of training set for validation with following indices: [39, 47, 4, 43, 24]
2026-07-01 10:46:28.576 WARNING: Validation batch size (10) is larger than the number of validation data (5)
2026-07-01 10:46:28.576 INFO: Atomic Numbers used: [np.int64(1)]
2026-07-01 10:46:28.576 INFO: Isolated Atomic Energies (E0s) not in training file, using command line argument
2026-07-01 10:46:28.576 INFO: Computing average Atomic Energies using least squares regression
2026-07-01 10:46:28.577 INFO: Atomic Energies used (z: eV): {1: -1003.9330823714266}
2026-07-01 10:46:28.605 INFO: 
2026-07-01 10:46:28.605 INFO: ===========MODEL DETAILS===========
2026-07-01 10:46:30.209 INFO: Average number of neighbors: 15.6
2026-07-01 10:46:30.209 INFO: During training the following quantities will be reported: energy, forces, dipoles, nacs
2026-07-01 10:46:30.219 INFO: Building model
2026-07-01 10:46:30.219 INFO: Message passing with 128 channels and max_L=1 (128x0e + 128x1o)
2026-07-01 10:46:30.219 INFO: 2 layers, each with correlation order: 3 (body order: 4) and spherical harmonics up to: l=3
2026-07-01 10:46:30.219 INFO: 8 radial and 5 basis functions
2026-07-01 10:46:30.219 INFO: Radial cutoff: 5.0 Å (total receptive field for each atom: 10.0 Å)
2026-07-01 10:46:30.219 INFO: Distance transform for radial basis functions: None
2026-07-01 10:46:31.746 INFO: Total number of parameters: 599703
2026-07-01 10:46:31.753 INFO: 
2026-07-01 10:46:31.754 INFO: ===========OPTIMIZER INFORMATION===========
2026-07-01 10:46:31.754 INFO: Using ADAM as parameter optimizer
2026-07-01 10:46:31.754 INFO: Batch size: 10
2026-07-01 10:46:31.754 INFO: Using Exponential Moving Average with decay: 0.99
2026-07-01 10:46:31.754 INFO: Number of gradient updates: 450
2026-07-01 10:46:31.754 INFO: Learning rate: 0.0001, weight decay: 5e-07
2026-07-01 10:46:31.754 INFO: InvariantsWeightedEnergyForcesNacsDipoleLoss(energy_weight=100.000, forces_weight=100.000, dipole_weight=1.000)
2026-07-01 10:46:31.756 INFO: Using gradient clipping with tolerance=10.000
2026-07-01 10:46:31.756 INFO: 
2026-07-01 10:46:31.756 INFO: ===========TRAINING===========
2026-07-01 10:46:31.756 INFO: Started training, reporting errors on validation set
2026-07-01 10:46:31.756 INFO: Loss metrics on validation set
2026-07-01 10:48:27.286 INFO: Training complete
2026-07-01 10:48:27.287 INFO: 
2026-07-01 10:48:27.287 INFO: ===========RESULTS===========
2026-07-01 10:48:27.287 INFO: Computing metrics for training, validation, and test sets
2026-07-01 10:48:27.287 INFO: Loading checkpoint: ./checkpoints/energies_forces_run-100_epoch-99.pt
2026-07-01 10:48:27.351 INFO: Loaded Stage one model from epoch 99 for evaluation
2026-07-01 10:48:27.352 INFO: Evaluating train ...
2026-07-01 10:48:27.841 INFO: Evaluating valid ...
2026-07-01 10:48:27.971 INFO: Error-table on TRAIN and VALID:
+-------------+----------+----------+----------+----------+
| config_type |  MAE E   |  MAE F   | MAE nacs | MAE socs |
+-------------+----------+----------+----------+----------+
|    train    |    589.7 |   3795.3 |      N/A |      N/A |
|    valid    |    513.6 |   3698.0 |      N/A |      N/A |
+-------------+----------+----------+----------+----------+
2026-07-01 10:48:27.971 INFO: Saving model to checkpoints/energies_forces_run-100.model
2026-07-01 10:48:28.060 INFO: Compiling model, saving metadata to energies_forces_compiled.model
2026-07-01 10:48:28.600 INFO: Done
